*** EVALUATION ***
PROGRAM "conveyor.abs"

*********************************************************************************************
TARGET SECTION
---------------------------------------------------------------------------------------------
Processor   : Freescale HC08
Memory Model: SMALL
File Format : ELF\DWARF 2.0
Linker      : SmartLinker V-5.0.51 Build 14019, Jan 20 2014

*********************************************************************************************
FILE SECTION
---------------------------------------------------------------------------------------------
events_c.obj                            Model: SMALL,         Lang: ANSI-C
general_c.obj                           Model: SMALL,         Lang: ANSI-C
lcd_c.obj                               Model: SMALL,         Lang: ANSI-C
main_c.obj                              Model: SMALL,         Lang: ANSI-C
sci_c.obj                               Model: SMALL,         Lang: ANSI-C
timer_c.obj                             Model: SMALL,         Lang: ANSI-C
start08_c.obj                           Model: SMALL,         Lang: ANSI-C
mc9s08jm60_c.obj                        Model: SMALL,         Lang: ANSI-C
rtshc08.o (ansiis.lib)                  Model: SMALL,         Lang: ANSI-C

*********************************************************************************************
STARTUP SECTION
---------------------------------------------------------------------------------------------
Entry point: 0x19DB (_Startup)
_startupData is allocated at 0x19E4 and uses 6 Bytes
extern struct _tagStartup {
  unsigned nofZeroOut     1
  _Range   pZeroOut       0x100     33
  _Copy    *toCopyDownBeg 0x213C
} _startupData;

*********************************************************************************************
SECTION-ALLOCATION SECTION
Section Name                    Size  Type     From       To       Segment
---------------------------------------------------------------------------------------------
.init                            132     R     0x1960     0x19E3   ROM
.startData                        18     R     0x19E4     0x19F5   ROM
.rodata                           77     R     0x19F6     0x1A42   ROM
.text                           1785     R     0x1A43     0x213B   ROM
.copy                              2     R     0x213C     0x213D   ROM
.abs_section_ffec                  2     R     0xFFEC     0xFFED   .absSeg0
.abs_section_ffea                  2     R     0xFFEA     0xFFEB   .absSeg1
.abs_section_ffe0                  2     R     0xFFE0     0xFFE1   .absSeg2
.abs_section_ffd0                  2     R     0xFFD0     0xFFD1   .absSeg3
.abs_section_0                     1   N/I        0x0        0x0   .absSeg4
.abs_section_1                     1   N/I        0x1        0x1   .absSeg5
.abs_section_2                     1   N/I        0x2        0x2   .absSeg6
.abs_section_3                     1   N/I        0x3        0x3   .absSeg7
.abs_section_4                     1   N/I        0x4        0x4   .absSeg8
.abs_section_5                     1   N/I        0x5        0x5   .absSeg9
.abs_section_6                     1   N/I        0x6        0x6   .absSeg10
.abs_section_7                     1   N/I        0x7        0x7   .absSeg11
.abs_section_8                     1   N/I        0x8        0x8   .absSeg12
.abs_section_9                     1   N/I        0x9        0x9   .absSeg13
.abs_section_a                     1   N/I        0xA        0xA   .absSeg14
.abs_section_b                     1   N/I        0xB        0xB   .absSeg15
.abs_section_c                     1   N/I        0xC        0xC   .absSeg16
.abs_section_d                     1   N/I        0xD        0xD   .absSeg17
.abs_section_e                     1   N/I        0xE        0xE   .absSeg18
.abs_section_10                    1   N/I       0x10       0x10   .absSeg19
.abs_section_11                    1   N/I       0x11       0x11   .absSeg20
.abs_section_16                    1   N/I       0x16       0x16   .absSeg21
.abs_section_17                    1   N/I       0x17       0x17   .absSeg22
.abs_section_18                    1   N/I       0x18       0x18   .absSeg23
.abs_section_1b                    1   N/I       0x1B       0x1B   .absSeg24
.abs_section_1c                    1   N/I       0x1C       0x1C   .absSeg25
.abs_section_1d                    1   N/I       0x1D       0x1D   .absSeg26
.abs_section_1e                    1   N/I       0x1E       0x1E   .absSeg27
.abs_section_20                    1   N/I       0x20       0x20   .absSeg28
.abs_section_25                    1   N/I       0x25       0x25   .absSeg29
.abs_section_28                    1   N/I       0x28       0x28   .absSeg30
.abs_section_2b                    1   N/I       0x2B       0x2B   .absSeg31
.abs_section_2e                    1   N/I       0x2E       0x2E   .absSeg32
.abs_section_31                    1   N/I       0x31       0x31   .absSeg33
.abs_section_34                    1   N/I       0x34       0x34   .absSeg34
.abs_section_3a                    1   N/I       0x3A       0x3A   .absSeg35
.abs_section_3b                    1   N/I       0x3B       0x3B   .absSeg36
.abs_section_3c                    1   N/I       0x3C       0x3C   .absSeg37
.abs_section_3d                    1   N/I       0x3D       0x3D   .absSeg38
.abs_section_3e                    1   N/I       0x3E       0x3E   .absSeg39
.abs_section_3f                    1   N/I       0x3F       0x3F   .absSeg40
.abs_section_42                    1   N/I       0x42       0x42   .absSeg41
.abs_section_43                    1   N/I       0x43       0x43   .absSeg42
.abs_section_44                    1   N/I       0x44       0x44   .absSeg43
.abs_section_45                    1   N/I       0x45       0x45   .absSeg44
.abs_section_46                    1   N/I       0x46       0x46   .absSeg45
.abs_section_47                    1   N/I       0x47       0x47   .absSeg46
.abs_section_48                    1   N/I       0x48       0x48   .absSeg47
.abs_section_49                    1   N/I       0x49       0x49   .absSeg48
.abs_section_4a                    1   N/I       0x4A       0x4A   .absSeg49
.abs_section_4b                    1   N/I       0x4B       0x4B   .absSeg50
.abs_section_4c                    1   N/I       0x4C       0x4C   .absSeg51
.abs_section_50                    1   N/I       0x50       0x50   .absSeg52
.abs_section_51                    1   N/I       0x51       0x51   .absSeg53
.abs_section_52                    1   N/I       0x52       0x52   .absSeg54
.abs_section_53                    1   N/I       0x53       0x53   .absSeg55
.abs_section_58                    1   N/I       0x58       0x58   .absSeg56
.abs_section_59                    1   N/I       0x59       0x59   .absSeg57
.abs_section_5a                    1   N/I       0x5A       0x5A   .absSeg58
.abs_section_5b                    1   N/I       0x5B       0x5B   .absSeg59
.abs_section_5c                    1   N/I       0x5C       0x5C   .absSeg60
.abs_section_5d                    1   N/I       0x5D       0x5D   .absSeg61
.abs_section_60                    1   N/I       0x60       0x60   .absSeg62
.abs_section_65                    1   N/I       0x65       0x65   .absSeg63
.abs_section_68                    1   N/I       0x68       0x68   .absSeg64
.abs_section_6c                    1   N/I       0x6C       0x6C   .absSeg65
.abs_section_6d                    1   N/I       0x6D       0x6D   .absSeg66
.abs_section_6e                    1   N/I       0x6E       0x6E   .absSeg67
.abs_section_70                    1   N/I       0x70       0x70   .absSeg68
.abs_section_71                    1   N/I       0x71       0x71   .absSeg69
.abs_section_72                    1   N/I       0x72       0x72   .absSeg70
.abs_section_73                    1   N/I       0x73       0x73   .absSeg71
.abs_section_80                    1   N/I       0x80       0x80   .absSeg72
.abs_section_88                    1   N/I       0x88       0x88   .absSeg73
.abs_section_89                    1   N/I       0x89       0x89   .absSeg74
.abs_section_8a                    1   N/I       0x8A       0x8A   .absSeg75
.abs_section_90                    1   N/I       0x90       0x90   .absSeg76
.abs_section_91                    1   N/I       0x91       0x91   .absSeg77
.abs_section_92                    1   N/I       0x92       0x92   .absSeg78
.abs_section_93                    1   N/I       0x93       0x93   .absSeg79
.abs_section_94                    1   N/I       0x94       0x94   .absSeg80
.abs_section_95                    1   N/I       0x95       0x95   .absSeg81
.abs_section_96                    1   N/I       0x96       0x96   .absSeg82
.abs_section_97                    1   N/I       0x97       0x97   .absSeg83
.abs_section_98                    1   N/I       0x98       0x98   .absSeg84
.abs_section_9d                    1   N/I       0x9D       0x9D   .absSeg85
.abs_section_9e                    1   N/I       0x9E       0x9E   .absSeg86
.abs_section_9f                    1   N/I       0x9F       0x9F   .absSeg87
.abs_section_a0                    1   N/I       0xA0       0xA0   .absSeg88
.abs_section_a1                    1   N/I       0xA1       0xA1   .absSeg89
.abs_section_a2                    1   N/I       0xA2       0xA2   .absSeg90
.abs_section_a3                    1   N/I       0xA3       0xA3   .absSeg91
.abs_section_1800                  1   N/I     0x1800     0x1800   .absSeg92
.abs_section_1801                  1   N/I     0x1801     0x1801   .absSeg93
.abs_section_1802                  1   N/I     0x1802     0x1802   .absSeg94
.abs_section_1803                  1   N/I     0x1803     0x1803   .absSeg95
.abs_section_1809                  1   N/I     0x1809     0x1809   .absSeg96
.abs_section_180a                  1   N/I     0x180A     0x180A   .absSeg97
.abs_section_1816                  1   N/I     0x1816     0x1816   .absSeg98
.abs_section_1817                  1   N/I     0x1817     0x1817   .absSeg99
.abs_section_1818                  1   N/I     0x1818     0x1818   .absSeg100
.abs_section_1820                  1   N/I     0x1820     0x1820   .absSeg101
.abs_section_1821                  1   N/I     0x1821     0x1821   .absSeg102
.abs_section_1823                  1   N/I     0x1823     0x1823   .absSeg103
.abs_section_1824                  1   N/I     0x1824     0x1824   .absSeg104
.abs_section_1825                  1   N/I     0x1825     0x1825   .absSeg105
.abs_section_1826                  1   N/I     0x1826     0x1826   .absSeg106
.abs_section_1840                  1   N/I     0x1840     0x1840   .absSeg107
.abs_section_1841                  1   N/I     0x1841     0x1841   .absSeg108
.abs_section_1842                  1   N/I     0x1842     0x1842   .absSeg109
.abs_section_1844                  1   N/I     0x1844     0x1844   .absSeg110
.abs_section_1845                  1   N/I     0x1845     0x1845   .absSeg111
.abs_section_1846                  1   N/I     0x1846     0x1846   .absSeg112
.abs_section_1848                  1   N/I     0x1848     0x1848   .absSeg113
.abs_section_1849                  1   N/I     0x1849     0x1849   .absSeg114
.abs_section_184a                  1   N/I     0x184A     0x184A   .absSeg115
.abs_section_184c                  1   N/I     0x184C     0x184C   .absSeg116
.abs_section_184d                  1   N/I     0x184D     0x184D   .absSeg117
.abs_section_184e                  1   N/I     0x184E     0x184E   .absSeg118
.abs_section_1850                  1   N/I     0x1850     0x1850   .absSeg119
.abs_section_1851                  1   N/I     0x1851     0x1851   .absSeg120
.abs_section_1852                  1   N/I     0x1852     0x1852   .absSeg121
.abs_section_1854                  1   N/I     0x1854     0x1854   .absSeg122
.abs_section_1855                  1   N/I     0x1855     0x1855   .absSeg123
.abs_section_1856                  1   N/I     0x1856     0x1856   .absSeg124
.abs_section_1858                  1   N/I     0x1858     0x1858   .absSeg125
.abs_section_1859                  1   N/I     0x1859     0x1859   .absSeg126
.abs_section_185a                  1   N/I     0x185A     0x185A   .absSeg127
.abs_section_12                    2   N/I       0x12       0x13   .absSeg128
.abs_section_14                    2   N/I       0x14       0x15   .absSeg129
.abs_section_21                    2   N/I       0x21       0x22   .absSeg130
.abs_section_23                    2   N/I       0x23       0x24   .absSeg131
.abs_section_26                    2   N/I       0x26       0x27   .absSeg132
.abs_section_29                    2   N/I       0x29       0x2A   .absSeg133
.abs_section_2c                    2   N/I       0x2C       0x2D   .absSeg134
.abs_section_2f                    2   N/I       0x2F       0x30   .absSeg135
.abs_section_32                    2   N/I       0x32       0x33   .absSeg136
.abs_section_35                    2   N/I       0x35       0x36   .absSeg137
.abs_section_38                    2   N/I       0x38       0x39   .absSeg138
.abs_section_40                    2   N/I       0x40       0x41   .absSeg139
.abs_section_54                    2   N/I       0x54       0x55   .absSeg140
.abs_section_56                    2   N/I       0x56       0x57   .absSeg141
.abs_section_61                    2   N/I       0x61       0x62   .absSeg142
.abs_section_63                    2   N/I       0x63       0x64   .absSeg143
.abs_section_66                    2   N/I       0x66       0x67   .absSeg144
.abs_section_69                    2   N/I       0x69       0x6A   .absSeg145
.abs_section_74                    2   N/I       0x74       0x75   .absSeg146
.abs_section_76                    2   N/I       0x76       0x77   .absSeg147
.abs_section_1806                  2   N/I     0x1806     0x1807   .absSeg148
.abs_section_1810                  2   N/I     0x1810     0x1811   .absSeg149
.abs_section_1812                  2   N/I     0x1812     0x1813   .absSeg150
.abs_section_1814                  2   N/I     0x1814     0x1815   .absSeg151
.bss                              26   R/W      0x100      0x119   RAM
.common                            7   R/W      0x11A      0x120   RAM
.stack                           128   R/W      0x121      0x1A0   RAM
.vectSeg152_vect                   2     R     0xFFFE     0xFFFF   .vectSeg152

Summary of section sizes per section type:
READ_ONLY (R):         7E8 (dec:     2024)
READ_WRITE (R/W):       A1 (dec:      161)
NO_INIT (N/I):          AC (dec:      172)

*********************************************************************************************
VECTOR-ALLOCATION SECTION
    Address     InitValue   InitFunction
---------------------------------------------------------------------------------------------
     0xFFFE        0x19DB   _Startup

*********************************************************************************************
OBJECT-ALLOCATION SECTION
     Name               Module                 Addr   hSize   dSize     Ref    Section   RLIB
---------------------------------------------------------------------------------------------
MODULE:                 -- events_c.obj --
- PROCEDURES:
     TPM1_IC_ISR                               1A43       C      12       1   .text       
     TPM1_CH1_ISR                              1A4F       D      13       1   .text       
     TPM1_OvF_ISR                              1A5C       F      15       1   .text       
     SCIRecive_ISR                             1A6B      10      16       1   .text       
     processEvents                             1A7B     17B     379       7   .text       
     printState                                1BF6      3F      63       1   .text       
- VARIABLES:
     noworking                                 19F6       D      13       1   .rodata     
     working                                   1A03      10      16       1   .rodata     
     Flag_Int_IC                                100       1       1       4   .bss        
     count_Ovf                                  101       2       2       6   .bss        
     time_edge_1                                103       2       2       2   .bss        
     time_edge_2                                105       2       2       1   .bss        
     time_pulse_width                           107       4       4       4   .bss        
     flag                                       10B       1       1       4   .bss        
     bottleA                                    10C       2       2       3   .bss        
     bottleB                                    10E       2       2       1   .bss        
     bottleC                                    110       2       2       1   .bss        
     NoBottle                                   112       2       2       1   .bss        
     Flag_STATE                                 114       2       2       5   .bss        
     Flag_SCI                                   116       2       2       3   .bss        
     state                                      118       2       2       3   .bss        
     _Vector_9                                 FFEC       2       2       0   .abs_section_ffec
     _Vector_10                                FFEA       2       2       0   .abs_section_ffea
     _Vector_15                                FFE0       2       2       0   .abs_section_ffe0
     _Vector_23                                FFD0       2       2       0   .abs_section_ffd0
     ReciveData                                 11A       1       1       3   .common     
MODULE:                 -- general_c.obj --
- PROCEDURES:
     BCDConverter                              1C35      77     119       1   .text       
     msDelay                                   1CAC      2F      47      10   .text       
     usDelay                                   1CDB      2F      47       4   .text       
- VARIABLES:
     acummulator                                11B       4       4       9   .common     
MODULE:                 -- lcd_c.obj --
- PROCEDURES:
     LCD_Initialize                            1D0A      17      23       2   .text       
     PrintBottlesMSG                           1D21      49      73       2   .text       
     LCD_WriteMsg                              1D6A      33      51       4   .text       
     LCD_WriteMsgNow                           1D9D      29      41       1   .text       
     LCD_Init                                  1DC6      55      85       1   .text       
     LCD_SetCommand                            1E1B      1B      27       4   .text       
     LCD_SetDataRAM                            1E36      17      23       2   .text       
- VARIABLES:
     MsgBottleA                                1A13       C      12       1   .rodata     
     MsgBottleB                                1A1F       C      12       1   .rodata     
     MsgBottleC                                1A2B       C      12       1   .rodata     
     MsgBottleE                                1A37       C      12       1   .rodata     
     number                                     11F       2       2       1   .common     
MODULE:                 -- main_c.obj --
- PROCEDURES:
     Port_Init                                 1E4D       6       6       1   .text       
     main                                      1E53      6D     109       1   .text       
- VARIABLES:
MODULE:                 -- sci_c.obj --
- PROCEDURES:
     SCI_Init                                  1EC0       D      13       1   .text       
- VARIABLES:
MODULE:                 -- timer_c.obj --
- PROCEDURES:
     TIMER1_Init                               1ECD      34      52       1   .text       
- VARIABLES:
MODULE:                 -- start08_c.obj --
- PROCEDURES:
     loadByte                                  1960       E      14       5   .init       
     Init                                      196E      6D     109       1   .init       
     _Startup                                  19DB       9       9       0   .init       
- VARIABLES:
     _startupData                              19E4       6       6       4   .startData  
- LABELS:
     __SEG_END_SSTACK                           1A1       0       0       1               
MODULE:                 -- mc9s08jm60_c.obj --
- PROCEDURES:
- VARIABLES:
     _PTAD                                        0       1       1      11   .abs_section_0
     _PTADD                                       1       1       1       2   .abs_section_1
     _PTBD                                        2       1       1       4   .abs_section_2
     _PTBDD                                       3       1       1       1   .abs_section_3
     _PTCD                                        4       1       1       0   .abs_section_4
     _PTCDD                                       5       1       1       0   .abs_section_5
     _PTDD                                        6       1       1       3   .abs_section_6
     _PTDDD                                       7       1       1       1   .abs_section_7
     _PTED                                        8       1       1       0   .abs_section_8
     _PTEDD                                       9       1       1       0   .abs_section_9
     _PTFD                                        A       1       1       0   .abs_section_a
     _PTFDD                                       B       1       1       0   .abs_section_b
     _PTGD                                        C       1       1       0   .abs_section_c
     _PTGDD                                       D       1       1       0   .abs_section_d
     _ACMPSC                                      E       1       1       0   .abs_section_e
     _ADCSC1                                     10       1       1       0   .abs_section_10
     _ADCSC2                                     11       1       1       0   .abs_section_11
     _ADCCFG                                     16       1       1       0   .abs_section_16
     _APCTL1                                     17       1       1       0   .abs_section_17
     _APCTL2                                     18       1       1       0   .abs_section_18
     _IRQSC                                      1B       1       1       0   .abs_section_1b
     _KBISC                                      1C       1       1       0   .abs_section_1c
     _KBIPE                                      1D       1       1       0   .abs_section_1d
     _KBIES                                      1E       1       1       0   .abs_section_1e
     _TPM1SC                                     20       1       1      10   .abs_section_20
     _TPM1C0SC                                   25       1       1      11   .abs_section_25
     _TPM1C1SC                                   28       1       1      11   .abs_section_28
     _TPM1C2SC                                   2B       1       1       0   .abs_section_2b
     _TPM1C3SC                                   2E       1       1       0   .abs_section_2e
     _TPM1C4SC                                   31       1       1       0   .abs_section_31
     _TPM1C5SC                                   34       1       1       0   .abs_section_34
     _SCI1C1                                     3A       1       1       0   .abs_section_3a
     _SCI1C2                                     3B       1       1       0   .abs_section_3b
     _SCI1S1                                     3C       1       1       0   .abs_section_3c
     _SCI1S2                                     3D       1       1       0   .abs_section_3d
     _SCI1C3                                     3E       1       1       0   .abs_section_3e
     _SCI1D                                      3F       1       1       0   .abs_section_3f
     _SCI2C1                                     42       1       1       1   .abs_section_42
     _SCI2C2                                     43       1       1       1   .abs_section_43
     _SCI2S1                                     44       1       1       2   .abs_section_44
     _SCI2S2                                     45       1       1       0   .abs_section_45
     _SCI2C3                                     46       1       1       1   .abs_section_46
     _SCI2D                                      47       1       1       2   .abs_section_47
     _MCGC1                                      48       1       1       0   .abs_section_48
     _MCGC2                                      49       1       1       0   .abs_section_49
     _MCGTRM                                     4A       1       1       0   .abs_section_4a
     _MCGSC                                      4B       1       1       0   .abs_section_4b
     _MCGC3                                      4C       1       1       0   .abs_section_4c
     _SPI1C1                                     50       1       1       0   .abs_section_50
     _SPI1C2                                     51       1       1       0   .abs_section_51
     _SPI1BR                                     52       1       1       0   .abs_section_52
     _SPI1S                                      53       1       1       0   .abs_section_53
     _IICA                                       58       1       1       0   .abs_section_58
     _IICF                                       59       1       1       0   .abs_section_59
     _IICC1                                      5A       1       1       0   .abs_section_5a
     _IICS                                       5B       1       1       0   .abs_section_5b
     _IICD                                       5C       1       1       0   .abs_section_5c
     _IICC2                                      5D       1       1       0   .abs_section_5d
     _TPM2SC                                     60       1       1       0   .abs_section_60
     _TPM2C0SC                                   65       1       1       0   .abs_section_65
     _TPM2C1SC                                   68       1       1       0   .abs_section_68
     _RTCSC                                      6C       1       1       0   .abs_section_6c
     _RTCCNT                                     6D       1       1       0   .abs_section_6d
     _RTCMOD                                     6E       1       1       0   .abs_section_6e
     _SPI2C1                                     70       1       1       0   .abs_section_70
     _SPI2C2                                     71       1       1       0   .abs_section_71
     _SPI2BR                                     72       1       1       0   .abs_section_72
     _SPI2S                                      73       1       1       0   .abs_section_73
     _USBCTL0                                    80       1       1       0   .abs_section_80
     _PERID                                      88       1       1       0   .abs_section_88
     _IDCOMP                                     89       1       1       0   .abs_section_89
     _REV                                        8A       1       1       0   .abs_section_8a
     _INTSTAT                                    90       1       1       0   .abs_section_90
     _INTENB                                     91       1       1       0   .abs_section_91
     _ERRSTAT                                    92       1       1       0   .abs_section_92
     _ERRENB                                     93       1       1       0   .abs_section_93
     _STAT                                       94       1       1       0   .abs_section_94
     _CTL                                        95       1       1       0   .abs_section_95
     _ADDR                                       96       1       1       0   .abs_section_96
     _FRMNUML                                    97       1       1       0   .abs_section_97
     _FRMNUMH                                    98       1       1       0   .abs_section_98
     _EPCTL0                                     9D       1       1       0   .abs_section_9d
     _EPCTL1                                     9E       1       1       0   .abs_section_9e
     _EPCTL2                                     9F       1       1       0   .abs_section_9f
     _EPCTL3                                     A0       1       1       0   .abs_section_a0
     _EPCTL4                                     A1       1       1       0   .abs_section_a1
     _EPCTL5                                     A2       1       1       0   .abs_section_a2
     _EPCTL6                                     A3       1       1       0   .abs_section_a3
     _SRS                                      1800       1       1       0   .abs_section_1800
     _SBDFR                                    1801       1       1       0   .abs_section_1801
     _SOPT1                                    1802       1       1       1   .abs_section_1802
     _SOPT2                                    1803       1       1       0   .abs_section_1803
     _SPMSC1                                   1809       1       1       0   .abs_section_1809
     _SPMSC2                                   180A       1       1       0   .abs_section_180a
     _DBGC                                     1816       1       1       0   .abs_section_1816
     _DBGT                                     1817       1       1       0   .abs_section_1817
     _DBGS                                     1818       1       1       0   .abs_section_1818
     _FCDIV                                    1820       1       1       0   .abs_section_1820
     _FOPT                                     1821       1       1       0   .abs_section_1821
     _FCNFG                                    1823       1       1       0   .abs_section_1823
     _FPROT                                    1824       1       1       0   .abs_section_1824
     _FSTAT                                    1825       1       1       0   .abs_section_1825
     _FCMD                                     1826       1       1       0   .abs_section_1826
     _PTAPE                                    1840       1       1       0   .abs_section_1840
     _PTASE                                    1841       1       1       0   .abs_section_1841
     _PTADS                                    1842       1       1       0   .abs_section_1842
     _PTBPE                                    1844       1       1       0   .abs_section_1844
     _PTBSE                                    1845       1       1       0   .abs_section_1845
     _PTBDS                                    1846       1       1       0   .abs_section_1846
     _PTCPE                                    1848       1       1       0   .abs_section_1848
     _PTCSE                                    1849       1       1       0   .abs_section_1849
     _PTCDS                                    184A       1       1       0   .abs_section_184a
     _PTDPE                                    184C       1       1       0   .abs_section_184c
     _PTDSE                                    184D       1       1       0   .abs_section_184d
     _PTDDS                                    184E       1       1       0   .abs_section_184e
     _PTEPE                                    1850       1       1       0   .abs_section_1850
     _PTESE                                    1851       1       1       0   .abs_section_1851
     _PTEDS                                    1852       1       1       0   .abs_section_1852
     _PTFPE                                    1854       1       1       0   .abs_section_1854
     _PTFSE                                    1855       1       1       0   .abs_section_1855
     _PTFDS                                    1856       1       1       0   .abs_section_1856
     _PTGPE                                    1858       1       1       0   .abs_section_1858
     _PTGSE                                    1859       1       1       0   .abs_section_1859
     _PTGDS                                    185A       1       1       0   .abs_section_185a
     _ADCR                                       12       2       2       0   .abs_section_12
     _ADCCV                                      14       2       2       0   .abs_section_14
     _TPM1CNT                                    21       2       2       0   .abs_section_21
     _TPM1MOD                                    23       2       2       1   .abs_section_23
     _TPM1C0V                                    26       2       2       2   .abs_section_26
     _TPM1C1V                                    29       2       2       0   .abs_section_29
     _TPM1C2V                                    2C       2       2       0   .abs_section_2c
     _TPM1C3V                                    2F       2       2       0   .abs_section_2f
     _TPM1C4V                                    32       2       2       0   .abs_section_32
     _TPM1C5V                                    35       2       2       0   .abs_section_35
     _SCI1BD                                     38       2       2       0   .abs_section_38
     _SCI2BD                                     40       2       2       2   .abs_section_40
     _SPI1D16                                    54       2       2       0   .abs_section_54
     _SPI1M                                      56       2       2       0   .abs_section_56
     _TPM2CNT                                    61       2       2       0   .abs_section_61
     _TPM2MOD                                    63       2       2       0   .abs_section_63
     _TPM2C0V                                    66       2       2       0   .abs_section_66
     _TPM2C1V                                    69       2       2       0   .abs_section_69
     _SPI2D16                                    74       2       2       0   .abs_section_74
     _SPI2M                                      76       2       2       0   .abs_section_76
     _SDID                                     1806       2       2       0   .abs_section_1806
     _DBGCA                                    1810       2       2       0   .abs_section_1810
     _DBGCB                                    1812       2       2       0   .abs_section_1812
     _DBGF                                     1814       2       2       0   .abs_section_1814
MODULE:                 -- rtshc08.o (ansiis.lib) --
- PROCEDURES:
     _PUSH_ARGS_L                              1F01      20      32       2   .text       
     _ENTER_BINARY_L                           1F21      16      22       2   .text       
     _ENTER_BINARY_L_RC                        1F37      19      25       3   .text       
     _IDIVMOD                                  1F50      69     105       2   .text       
     _LADD_k_is_k_plus_j                       1FB9      1F      31       1   .text       
     _k_is_k_plus_j_l                          1FD8      1E      30       2   .text       
     _k_is_k_plus_j_i                          1FF6      12      18       3   .text       
     _LSUB_k_is_k_minus_j                      2008      1F      31       2   .text       
     _LMUL_k_is_k_mul_j                        2027      81     129       1   .text       
     _LCMP_k_rel_j                             20A8      1F      31       1   .text       
     _IDIVU_STAR08                             20C7       D      13       1   .text       
     _IMODU_STAR08                             20D4      10      16       2   .text       
     _IDIVU_8                                  20E4       E      14       2   .text       
     _IMODU_8                                  20F2      12      18       2   .text       
     _LADD                                     2104       6       6       1   .text       
     _LSUB                                     210A       6       6       1   .text       
     _LSUB_RC                                  2110       6       6       3   .text       
     _LMUL_RC                                  2116       6       6       1   .text       
     _LCMP_RC                                  211C       6       6       3   .text       
     _POP32                                    2122      1A      26       1   .text       
- VARIABLES:

*********************************************************************************************
MODULE STATISTIC
  Name                                      Data   Code  Const
---------------------------------------------------------------------------------------------
  events_c.obj                                27    498     37
  general_c.obj                                4    213      0
  lcd_c.obj                                    2    323     48
  main_c.obj                                   0    115      0
  sci_c.obj                                    0     13      0
  timer_c.obj                                  0     52      0
  start08_c.obj                                0    132      0
  mc9s08jm60_c.obj                           172      0      0
  rtshc08.o (ansiis.lib)                       0    571      0
  other                                      128     20      2

*********************************************************************************************
SECTION USE IN OBJECT-ALLOCATION SECTION
---------------------------------------------------------------------------------------------
SECTION: ".text"
  TPM1_IC_ISR TPM1_CH1_ISR TPM1_OvF_ISR SCIRecive_ISR processEvents printState 
  BCDConverter msDelay usDelay LCD_Initialize PrintBottlesMSG LCD_WriteMsg 
  LCD_WriteMsgNow LCD_Init LCD_SetCommand LCD_SetDataRAM Port_Init main 
  SCI_Init TIMER1_Init _PUSH_ARGS_L _ENTER_BINARY_L _ENTER_BINARY_L_RC _IDIVMOD 
  _LADD_k_is_k_plus_j _k_is_k_plus_j_l _k_is_k_plus_j_i _LSUB_k_is_k_minus_j 
  _LMUL_k_is_k_mul_j _LCMP_k_rel_j _IDIVU_STAR08 _IMODU_STAR08 _IDIVU_8 
  _IMODU_8 _LADD _LSUB _LSUB_RC _LMUL_RC _LCMP_RC _POP32 
SECTION: ".bss"
  Flag_Int_IC count_Ovf time_edge_1 time_edge_2 time_pulse_width flag bottleA 
  bottleB bottleC NoBottle Flag_STATE Flag_SCI state 
SECTION: ".init"
  loadByte Init _Startup 
SECTION: ".rodata"
  noworking working MsgBottleA MsgBottleB MsgBottleC MsgBottleE 
SECTION: ".abs_section_ffec"
  _Vector_9 
SECTION: ".abs_section_ffea"
  _Vector_10 
SECTION: ".abs_section_ffe0"
  _Vector_15 
SECTION: ".abs_section_ffd0"
  _Vector_23 
SECTION: ".common"
  ReciveData acummulator number 
SECTION: ".abs_section_0"
  _PTAD 
SECTION: ".abs_section_1"
  _PTADD 
SECTION: ".abs_section_2"
  _PTBD 
SECTION: ".abs_section_3"
  _PTBDD 
SECTION: ".abs_section_4"
  _PTCD 
SECTION: ".abs_section_5"
  _PTCDD 
SECTION: ".abs_section_6"
  _PTDD 
SECTION: ".abs_section_7"
  _PTDDD 
SECTION: ".abs_section_8"
  _PTED 
SECTION: ".abs_section_9"
  _PTEDD 
SECTION: ".abs_section_a"
  _PTFD 
SECTION: ".abs_section_b"
  _PTFDD 
SECTION: ".abs_section_c"
  _PTGD 
SECTION: ".abs_section_d"
  _PTGDD 
SECTION: ".abs_section_e"
  _ACMPSC 
SECTION: ".abs_section_10"
  _ADCSC1 
SECTION: ".abs_section_11"
  _ADCSC2 
SECTION: ".abs_section_16"
  _ADCCFG 
SECTION: ".abs_section_17"
  _APCTL1 
SECTION: ".abs_section_18"
  _APCTL2 
SECTION: ".abs_section_1b"
  _IRQSC 
SECTION: ".abs_section_1c"
  _KBISC 
SECTION: ".abs_section_1d"
  _KBIPE 
SECTION: ".abs_section_1e"
  _KBIES 
SECTION: ".abs_section_20"
  _TPM1SC 
SECTION: ".abs_section_25"
  _TPM1C0SC 
SECTION: ".abs_section_28"
  _TPM1C1SC 
SECTION: ".abs_section_2b"
  _TPM1C2SC 
SECTION: ".abs_section_2e"
  _TPM1C3SC 
SECTION: ".abs_section_31"
  _TPM1C4SC 
SECTION: ".abs_section_34"
  _TPM1C5SC 
SECTION: ".abs_section_3a"
  _SCI1C1 
SECTION: ".abs_section_3b"
  _SCI1C2 
SECTION: ".abs_section_3c"
  _SCI1S1 
SECTION: ".abs_section_3d"
  _SCI1S2 
SECTION: ".abs_section_3e"
  _SCI1C3 
SECTION: ".abs_section_3f"
  _SCI1D 
SECTION: ".abs_section_42"
  _SCI2C1 
SECTION: ".abs_section_43"
  _SCI2C2 
SECTION: ".abs_section_44"
  _SCI2S1 
SECTION: ".abs_section_45"
  _SCI2S2 
SECTION: ".abs_section_46"
  _SCI2C3 
SECTION: ".abs_section_47"
  _SCI2D 
SECTION: ".abs_section_48"
  _MCGC1 
SECTION: ".abs_section_49"
  _MCGC2 
SECTION: ".abs_section_4a"
  _MCGTRM 
SECTION: ".abs_section_4b"
  _MCGSC 
SECTION: ".abs_section_4c"
  _MCGC3 
SECTION: ".abs_section_50"
  _SPI1C1 
SECTION: ".abs_section_51"
  _SPI1C2 
SECTION: ".abs_section_52"
  _SPI1BR 
SECTION: ".abs_section_53"
  _SPI1S 
SECTION: ".abs_section_58"
  _IICA 
SECTION: ".abs_section_59"
  _IICF 
SECTION: ".abs_section_5a"
  _IICC1 
SECTION: ".abs_section_5b"
  _IICS 
SECTION: ".abs_section_5c"
  _IICD 
SECTION: ".abs_section_5d"
  _IICC2 
SECTION: ".abs_section_60"
  _TPM2SC 
SECTION: ".abs_section_65"
  _TPM2C0SC 
SECTION: ".abs_section_68"
  _TPM2C1SC 
SECTION: ".abs_section_6c"
  _RTCSC 
SECTION: ".abs_section_6d"
  _RTCCNT 
SECTION: ".abs_section_6e"
  _RTCMOD 
SECTION: ".abs_section_70"
  _SPI2C1 
SECTION: ".abs_section_71"
  _SPI2C2 
SECTION: ".abs_section_72"
  _SPI2BR 
SECTION: ".abs_section_73"
  _SPI2S 
SECTION: ".abs_section_80"
  _USBCTL0 
SECTION: ".abs_section_88"
  _PERID 
SECTION: ".abs_section_89"
  _IDCOMP 
SECTION: ".abs_section_8a"
  _REV 
SECTION: ".abs_section_90"
  _INTSTAT 
SECTION: ".abs_section_91"
  _INTENB 
SECTION: ".abs_section_92"
  _ERRSTAT 
SECTION: ".abs_section_93"
  _ERRENB 
SECTION: ".abs_section_94"
  _STAT 
SECTION: ".abs_section_95"
  _CTL 
SECTION: ".abs_section_96"
  _ADDR 
SECTION: ".abs_section_97"
  _FRMNUML 
SECTION: ".abs_section_98"
  _FRMNUMH 
SECTION: ".abs_section_9d"
  _EPCTL0 
SECTION: ".abs_section_9e"
  _EPCTL1 
SECTION: ".abs_section_9f"
  _EPCTL2 
SECTION: ".abs_section_a0"
  _EPCTL3 
SECTION: ".abs_section_a1"
  _EPCTL4 
SECTION: ".abs_section_a2"
  _EPCTL5 
SECTION: ".abs_section_a3"
  _EPCTL6 
SECTION: ".abs_section_1800"
  _SRS 
SECTION: ".abs_section_1801"
  _SBDFR 
SECTION: ".abs_section_1802"
  _SOPT1 
SECTION: ".abs_section_1803"
  _SOPT2 
SECTION: ".abs_section_1809"
  _SPMSC1 
SECTION: ".abs_section_180a"
  _SPMSC2 
SECTION: ".abs_section_1816"
  _DBGC 
SECTION: ".abs_section_1817"
  _DBGT 
SECTION: ".abs_section_1818"
  _DBGS 
SECTION: ".abs_section_1820"
  _FCDIV 
SECTION: ".abs_section_1821"
  _FOPT 
SECTION: ".abs_section_1823"
  _FCNFG 
SECTION: ".abs_section_1824"
  _FPROT 
SECTION: ".abs_section_1825"
  _FSTAT 
SECTION: ".abs_section_1826"
  _FCMD 
SECTION: ".abs_section_1840"
  _PTAPE 
SECTION: ".abs_section_1841"
  _PTASE 
SECTION: ".abs_section_1842"
  _PTADS 
SECTION: ".abs_section_1844"
  _PTBPE 
SECTION: ".abs_section_1845"
  _PTBSE 
SECTION: ".abs_section_1846"
  _PTBDS 
SECTION: ".abs_section_1848"
  _PTCPE 
SECTION: ".abs_section_1849"
  _PTCSE 
SECTION: ".abs_section_184a"
  _PTCDS 
SECTION: ".abs_section_184c"
  _PTDPE 
SECTION: ".abs_section_184d"
  _PTDSE 
SECTION: ".abs_section_184e"
  _PTDDS 
SECTION: ".abs_section_1850"
  _PTEPE 
SECTION: ".abs_section_1851"
  _PTESE 
SECTION: ".abs_section_1852"
  _PTEDS 
SECTION: ".abs_section_1854"
  _PTFPE 
SECTION: ".abs_section_1855"
  _PTFSE 
SECTION: ".abs_section_1856"
  _PTFDS 
SECTION: ".abs_section_1858"
  _PTGPE 
SECTION: ".abs_section_1859"
  _PTGSE 
SECTION: ".abs_section_185a"
  _PTGDS 
SECTION: ".abs_section_12"
  _ADCR 
SECTION: ".abs_section_14"
  _ADCCV 
SECTION: ".abs_section_21"
  _TPM1CNT 
SECTION: ".abs_section_23"
  _TPM1MOD 
SECTION: ".abs_section_26"
  _TPM1C0V 
SECTION: ".abs_section_29"
  _TPM1C1V 
SECTION: ".abs_section_2c"
  _TPM1C2V 
SECTION: ".abs_section_2f"
  _TPM1C3V 
SECTION: ".abs_section_32"
  _TPM1C4V 
SECTION: ".abs_section_35"
  _TPM1C5V 
SECTION: ".abs_section_38"
  _SCI1BD 
SECTION: ".abs_section_40"
  _SCI2BD 
SECTION: ".abs_section_54"
  _SPI1D16 
SECTION: ".abs_section_56"
  _SPI1M 
SECTION: ".abs_section_61"
  _TPM2CNT 
SECTION: ".abs_section_63"
  _TPM2MOD 
SECTION: ".abs_section_66"
  _TPM2C0V 
SECTION: ".abs_section_69"
  _TPM2C1V 
SECTION: ".abs_section_74"
  _SPI2D16 
SECTION: ".abs_section_76"
  _SPI2M 
SECTION: ".abs_section_1806"
  _SDID 
SECTION: ".abs_section_1810"
  _DBGCA 
SECTION: ".abs_section_1812"
  _DBGCB 
SECTION: ".abs_section_1814"
  _DBGF 

*********************************************************************************************
OBJECT LIST SORTED BY ADDRESS
     Name                                      Addr   hSize   dSize     Ref    Section   RLIB
---------------------------------------------------------------------------------------------
     _PTAD                                        0       1       1      11   .abs_section_0
     _PTADD                                       1       1       1       2   .abs_section_1
     _PTBD                                        2       1       1       4   .abs_section_2
     _PTBDD                                       3       1       1       1   .abs_section_3
     _PTCD                                        4       1       1       0   .abs_section_4
     _PTCDD                                       5       1       1       0   .abs_section_5
     _PTDD                                        6       1       1       3   .abs_section_6
     _PTDDD                                       7       1       1       1   .abs_section_7
     _PTED                                        8       1       1       0   .abs_section_8
     _PTEDD                                       9       1       1       0   .abs_section_9
     _PTFD                                        A       1       1       0   .abs_section_a
     _PTFDD                                       B       1       1       0   .abs_section_b
     _PTGD                                        C       1       1       0   .abs_section_c
     _PTGDD                                       D       1       1       0   .abs_section_d
     _ACMPSC                                      E       1       1       0   .abs_section_e
     _ADCSC1                                     10       1       1       0   .abs_section_10
     _ADCSC2                                     11       1       1       0   .abs_section_11
     _ADCR                                       12       2       2       0   .abs_section_12
     _ADCCV                                      14       2       2       0   .abs_section_14
     _ADCCFG                                     16       1       1       0   .abs_section_16
     _APCTL1                                     17       1       1       0   .abs_section_17
     _APCTL2                                     18       1       1       0   .abs_section_18
     _IRQSC                                      1B       1       1       0   .abs_section_1b
     _KBISC                                      1C       1       1       0   .abs_section_1c
     _KBIPE                                      1D       1       1       0   .abs_section_1d
     _KBIES                                      1E       1       1       0   .abs_section_1e
     _TPM1SC                                     20       1       1      10   .abs_section_20
     _TPM1CNT                                    21       2       2       0   .abs_section_21
     _TPM1MOD                                    23       2       2       1   .abs_section_23
     _TPM1C0SC                                   25       1       1      11   .abs_section_25
     _TPM1C0V                                    26       2       2       2   .abs_section_26
     _TPM1C1SC                                   28       1       1      11   .abs_section_28
     _TPM1C1V                                    29       2       2       0   .abs_section_29
     _TPM1C2SC                                   2B       1       1       0   .abs_section_2b
     _TPM1C2V                                    2C       2       2       0   .abs_section_2c
     _TPM1C3SC                                   2E       1       1       0   .abs_section_2e
     _TPM1C3V                                    2F       2       2       0   .abs_section_2f
     _TPM1C4SC                                   31       1       1       0   .abs_section_31
     _TPM1C4V                                    32       2       2       0   .abs_section_32
     _TPM1C5SC                                   34       1       1       0   .abs_section_34
     _TPM1C5V                                    35       2       2       0   .abs_section_35
     _SCI1BD                                     38       2       2       0   .abs_section_38
     _SCI1C1                                     3A       1       1       0   .abs_section_3a
     _SCI1C2                                     3B       1       1       0   .abs_section_3b
     _SCI1S1                                     3C       1       1       0   .abs_section_3c
     _SCI1S2                                     3D       1       1       0   .abs_section_3d
     _SCI1C3                                     3E       1       1       0   .abs_section_3e
     _SCI1D                                      3F       1       1       0   .abs_section_3f
     _SCI2BD                                     40       2       2       2   .abs_section_40
     _SCI2C1                                     42       1       1       1   .abs_section_42
     _SCI2C2                                     43       1       1       1   .abs_section_43
     _SCI2S1                                     44       1       1       2   .abs_section_44
     _SCI2S2                                     45       1       1       0   .abs_section_45
     _SCI2C3                                     46       1       1       1   .abs_section_46
     _SCI2D                                      47       1       1       2   .abs_section_47
     _MCGC1                                      48       1       1       0   .abs_section_48
     _MCGC2                                      49       1       1       0   .abs_section_49
     _MCGTRM                                     4A       1       1       0   .abs_section_4a
     _MCGSC                                      4B       1       1       0   .abs_section_4b
     _MCGC3                                      4C       1       1       0   .abs_section_4c
     _SPI1C1                                     50       1       1       0   .abs_section_50
     _SPI1C2                                     51       1       1       0   .abs_section_51
     _SPI1BR                                     52       1       1       0   .abs_section_52
     _SPI1S                                      53       1       1       0   .abs_section_53
     _SPI1D16                                    54       2       2       0   .abs_section_54
     _SPI1M                                      56       2       2       0   .abs_section_56
     _IICA                                       58       1       1       0   .abs_section_58
     _IICF                                       59       1       1       0   .abs_section_59
     _IICC1                                      5A       1       1       0   .abs_section_5a
     _IICS                                       5B       1       1       0   .abs_section_5b
     _IICD                                       5C       1       1       0   .abs_section_5c
     _IICC2                                      5D       1       1       0   .abs_section_5d
     _TPM2SC                                     60       1       1       0   .abs_section_60
     _TPM2CNT                                    61       2       2       0   .abs_section_61
     _TPM2MOD                                    63       2       2       0   .abs_section_63
     _TPM2C0SC                                   65       1       1       0   .abs_section_65
     _TPM2C0V                                    66       2       2       0   .abs_section_66
     _TPM2C1SC                                   68       1       1       0   .abs_section_68
     _TPM2C1V                                    69       2       2       0   .abs_section_69
     _RTCSC                                      6C       1       1       0   .abs_section_6c
     _RTCCNT                                     6D       1       1       0   .abs_section_6d
     _RTCMOD                                     6E       1       1       0   .abs_section_6e
     _SPI2C1                                     70       1       1       0   .abs_section_70
     _SPI2C2                                     71       1       1       0   .abs_section_71
     _SPI2BR                                     72       1       1       0   .abs_section_72
     _SPI2S                                      73       1       1       0   .abs_section_73
     _SPI2D16                                    74       2       2       0   .abs_section_74
     _SPI2M                                      76       2       2       0   .abs_section_76
     _USBCTL0                                    80       1       1       0   .abs_section_80
     _PERID                                      88       1       1       0   .abs_section_88
     _IDCOMP                                     89       1       1       0   .abs_section_89
     _REV                                        8A       1       1       0   .abs_section_8a
     _INTSTAT                                    90       1       1       0   .abs_section_90
     _INTENB                                     91       1       1       0   .abs_section_91
     _ERRSTAT                                    92       1       1       0   .abs_section_92
     _ERRENB                                     93       1       1       0   .abs_section_93
     _STAT                                       94       1       1       0   .abs_section_94
     _CTL                                        95       1       1       0   .abs_section_95
     _ADDR                                       96       1       1       0   .abs_section_96
     _FRMNUML                                    97       1       1       0   .abs_section_97
     _FRMNUMH                                    98       1       1       0   .abs_section_98
     _EPCTL0                                     9D       1       1       0   .abs_section_9d
     _EPCTL1                                     9E       1       1       0   .abs_section_9e
     _EPCTL2                                     9F       1       1       0   .abs_section_9f
     _EPCTL3                                     A0       1       1       0   .abs_section_a0
     _EPCTL4                                     A1       1       1       0   .abs_section_a1
     _EPCTL5                                     A2       1       1       0   .abs_section_a2
     _EPCTL6                                     A3       1       1       0   .abs_section_a3
     Flag_Int_IC                                100       1       1       4   .bss        
     count_Ovf                                  101       2       2       6   .bss        
     time_edge_1                                103       2       2       2   .bss        
     time_edge_2                                105       2       2       1   .bss        
     time_pulse_width                           107       4       4       4   .bss        
     flag                                       10B       1       1       4   .bss        
     bottleA                                    10C       2       2       3   .bss        
     bottleB                                    10E       2       2       1   .bss        
     bottleC                                    110       2       2       1   .bss        
     NoBottle                                   112       2       2       1   .bss        
     Flag_STATE                                 114       2       2       5   .bss        
     Flag_SCI                                   116       2       2       3   .bss        
     state                                      118       2       2       3   .bss        
     ReciveData                                 11A       1       1       3   .common     
     acummulator                                11B       4       4       9   .common     
     number                                     11F       2       2       1   .common     
     _SRS                                      1800       1       1       0   .abs_section_1800
     _SBDFR                                    1801       1       1       0   .abs_section_1801
     _SOPT1                                    1802       1       1       1   .abs_section_1802
     _SOPT2                                    1803       1       1       0   .abs_section_1803
     _SDID                                     1806       2       2       0   .abs_section_1806
     _SPMSC1                                   1809       1       1       0   .abs_section_1809
     _SPMSC2                                   180A       1       1       0   .abs_section_180a
     _DBGCA                                    1810       2       2       0   .abs_section_1810
     _DBGCB                                    1812       2       2       0   .abs_section_1812
     _DBGF                                     1814       2       2       0   .abs_section_1814
     _DBGC                                     1816       1       1       0   .abs_section_1816
     _DBGT                                     1817       1       1       0   .abs_section_1817
     _DBGS                                     1818       1       1       0   .abs_section_1818
     _FCDIV                                    1820       1       1       0   .abs_section_1820
     _FOPT                                     1821       1       1       0   .abs_section_1821
     _FCNFG                                    1823       1       1       0   .abs_section_1823
     _FPROT                                    1824       1       1       0   .abs_section_1824
     _FSTAT                                    1825       1       1       0   .abs_section_1825
     _FCMD                                     1826       1       1       0   .abs_section_1826
     _PTAPE                                    1840       1       1       0   .abs_section_1840
     _PTASE                                    1841       1       1       0   .abs_section_1841
     _PTADS                                    1842       1       1       0   .abs_section_1842
     _PTBPE                                    1844       1       1       0   .abs_section_1844
     _PTBSE                                    1845       1       1       0   .abs_section_1845
     _PTBDS                                    1846       1       1       0   .abs_section_1846
     _PTCPE                                    1848       1       1       0   .abs_section_1848
     _PTCSE                                    1849       1       1       0   .abs_section_1849
     _PTCDS                                    184A       1       1       0   .abs_section_184a
     _PTDPE                                    184C       1       1       0   .abs_section_184c
     _PTDSE                                    184D       1       1       0   .abs_section_184d
     _PTDDS                                    184E       1       1       0   .abs_section_184e
     _PTEPE                                    1850       1       1       0   .abs_section_1850
     _PTESE                                    1851       1       1       0   .abs_section_1851
     _PTEDS                                    1852       1       1       0   .abs_section_1852
     _PTFPE                                    1854       1       1       0   .abs_section_1854
     _PTFSE                                    1855       1       1       0   .abs_section_1855
     _PTFDS                                    1856       1       1       0   .abs_section_1856
     _PTGPE                                    1858       1       1       0   .abs_section_1858
     _PTGSE                                    1859       1       1       0   .abs_section_1859
     _PTGDS                                    185A       1       1       0   .abs_section_185a
     loadByte                                  1960       E      14       5   .init       
     Init                                      196E      6D     109       1   .init       
     _Startup                                  19DB       9       9       0   .init       
     noworking                                 19F6       D      13       1   .rodata     
     working                                   1A03      10      16       1   .rodata     
     MsgBottleA                                1A13       C      12       1   .rodata     
     MsgBottleB                                1A1F       C      12       1   .rodata     
     MsgBottleC                                1A2B       C      12       1   .rodata     
     MsgBottleE                                1A37       C      12       1   .rodata     
     TPM1_IC_ISR                               1A43       C      12       1   .text       
     TPM1_CH1_ISR                              1A4F       D      13       1   .text       
     TPM1_OvF_ISR                              1A5C       F      15       1   .text       
     SCIRecive_ISR                             1A6B      10      16       1   .text       
     processEvents                             1A7B     17B     379       7   .text       
     printState                                1BF6      3F      63       1   .text       
     BCDConverter                              1C35      77     119       1   .text       
     msDelay                                   1CAC      2F      47      10   .text       
     usDelay                                   1CDB      2F      47       4   .text       
     LCD_Initialize                            1D0A      17      23       2   .text       
     PrintBottlesMSG                           1D21      49      73       2   .text       
     LCD_WriteMsg                              1D6A      33      51       4   .text       
     LCD_WriteMsgNow                           1D9D      29      41       1   .text       
     LCD_Init                                  1DC6      55      85       1   .text       
     LCD_SetCommand                            1E1B      1B      27       4   .text       
     LCD_SetDataRAM                            1E36      17      23       2   .text       
     Port_Init                                 1E4D       6       6       1   .text       
     main                                      1E53      6D     109       1   .text       
     SCI_Init                                  1EC0       D      13       1   .text       
     TIMER1_Init                               1ECD      34      52       1   .text       
     _PUSH_ARGS_L                              1F01      20      32       2   .text       
     _ENTER_BINARY_L                           1F21      16      22       2   .text       
     _ENTER_BINARY_L_RC                        1F37      19      25       3   .text       
     _IDIVMOD                                  1F50      69     105       2   .text       
     _LADD_k_is_k_plus_j                       1FB9      1F      31       1   .text       
     _k_is_k_plus_j_l                          1FD8      1E      30       2   .text       
     _k_is_k_plus_j_i                          1FF6      12      18       3   .text       
     _LSUB_k_is_k_minus_j                      2008      1F      31       2   .text       
     _LMUL_k_is_k_mul_j                        2027      81     129       1   .text       
     _LCMP_k_rel_j                             20A8      1F      31       1   .text       
     _IDIVU_STAR08                             20C7       D      13       1   .text       
     _IMODU_STAR08                             20D4      10      16       2   .text       
     _IDIVU_8                                  20E4       E      14       2   .text       
     _IMODU_8                                  20F2      12      18       2   .text       
     _LADD                                     2104       6       6       1   .text       
     _LSUB                                     210A       6       6       1   .text       
     _LSUB_RC                                  2110       6       6       3   .text       
     _LMUL_RC                                  2116       6       6       1   .text       
     _LCMP_RC                                  211C       6       6       3   .text       
     _POP32                                    2122      1A      26       1   .text       
     _Vector_23                                FFD0       2       2       0   .abs_section_ffd0
     _Vector_15                                FFE0       2       2       0   .abs_section_ffe0
     _Vector_10                                FFEA       2       2       0   .abs_section_ffea
     _Vector_9                                 FFEC       2       2       0   .abs_section_ffec

*********************************************************************************************
UNUSED-OBJECTS SECTION
---------------------------------------------------------------------------------------------
NOT USED PROCEDURES
sci_c.obj:
  SCI_PutChar SCI_GetChar SCI_PutMsg 
rtshc08.o (ansiis.lib):
  _PUSH_ARGS_D _ENTER_UNARY_L _ENTER_UNARY_L64 _ENTER_UNARY_L64_4 
  _ENTER_BINARY_L_LC _ENTER_BINARY_L64 _ENTER_BINARY_L64_LC 
  _ENTER_BINARY_L64_RC _SPLITSIGN _LAND_k_is_k_and_j _LOR_k_is_k_or_j 
  _LXOR_k_is_k_xor_j _LDIVMOD _NEG_L_HX _ABS_L_HX _SPLITSIGN_L 
  _LMODU_k_is_k_mod_j _LDIVU_k_is_k_div_j _LMODS_k_is_k_mod_j 
  _LDIVS_k_is_k_div_j _CMP24_k_rel_j _BMULS _BDIVS _BMODS _IMUL_STAR08 
  _IDIVS_STAR08 _IMODS_STAR08 _IASR _ILSR _ILSL _ICMP _LINC _LDEC _LNEG _LNOT 
  _LADD_RC _LSUB_LC _LAND _LAND_RC _LOR _LOR_RC _LXOR _LXOR_RC _LMUL _LDIVS 
  _LDIVS_LC _LDIVS_RC _LDIVU _LDIVU_LC _LDIVU_RC _LMODS _LMODS_LC _LMODS_RC 
  _LMODU _LMODU_LC _LMODU_RC _LASR _LLSR _LLSL _LCMP _PUSH_ARGS_24 
  _ENTER_BINARY_24_RC _ENTER_BINARY_24 _CMP24 _CMP24_RC _COPY _COPY_L _POP64 
  _STORE32 _STORE64 _SEXT8_32 _SEXT16_32 _CALL_STAR08 _CALL_STAR08_FAR 
  _Jump_Table_Addr _Jump_Table_Offset _Jump_Table_Header_Addr 
  _Jump_Table_Header_Offset _Search_Table_16_Addr _Search_Table_16_Offset 
  _Search_Table_8_Addr _Search_Table_8_Offset _PUSH_CC _POP_CC 
  _CONV_FAR_TO_NEAR _CONV_FAR_TO_LINEAR _CONV_LINEAR_TO_FAR 
NOT USED VARIABLES
events_c.obj:
  Flag_Int_OC 
rtshc08.o (ansiis.lib):
  _PowOfTwo_8 _PowOfTwo_16 _PowOfTwo_32 errno 

*********************************************************************************************
COPYDOWN SECTION
---------------------------------------------------------------------------------------------
------- ROM-ADDRESS: 0x213C ---- SIZE       2 ---
Filling bytes inserted
 0000

*********************************************************************************************
OBJECT-DEPENDENCIES SECTION
---------------------------------------------------------------------------------------------
Init                      USES _startupData loadByte 
_Startup                  USES __SEG_END_SSTACK Init main 
TPM1_IC_ISR               USES _TPM1C0SC Flag_Int_IC 
TPM1_CH1_ISR              USES _TPM1C1SC Flag_STATE 
TPM1_OvF_ISR              USES _TPM1SC count_Ovf 
SCIRecive_ISR             USES _SCI2S1 _SCI2D ReciveData Flag_SCI 
processEvents             USES state processEvents count_Ovf Flag_STATE 
                                msDelay Flag_Int_IC flag _TPM1C0V time_edge_1 
                                time_edge_2 _LMUL_RC _LADD _LSUB time_pulse_width _POP32 
                                _LSUB_RC _LCMP_RC bottleA PrintBottlesMSG bottleB 
                                bottleC NoBottle Flag_SCI ReciveData _SCI2S1 _SCI2D 
                                printState 
printState                USES LCD_SetCommand msDelay noworking LCD_WriteMsg 
                                _PTDD working bottleA PrintBottlesMSG 
BCDConverter              USES _IMODU_STAR08 _IDIVU_8 acummulator _IMODU_8 
LCD_Initialize            USES _PTAD _PTBD 
PrintBottlesMSG           USES MsgBottleA MsgBottleB MsgBottleC MsgBottleE 
                                LCD_WriteMsg BCDConverter number LCD_WriteMsgNow 
LCD_WriteMsg              USES LCD_SetCommand LCD_SetDataRAM msDelay usDelay 
LCD_WriteMsgNow           USES LCD_SetDataRAM msDelay usDelay 
LCD_Init                  USES _PTADD _PTBDD _PTAD _PTBD msDelay 
                                LCD_Initialize LCD_SetCommand usDelay 
LCD_SetCommand            USES _PTAD _PTBD 
LCD_SetDataRAM            USES _PTAD _PTBD 
Port_Init                 USES _PTDDD _PTDD 
main                      USES _SOPT1 Port_Init TIMER1_Init LCD_Init SCI_Init 
                                msDelay LCD_WriteMsg processEvents _TPM1C0SC _TPM1C1SC 
SCI_Init                  USES _SCI2C1 _SCI2C2 _SCI2C3 _SCI2BD 
TIMER1_Init               USES _TPM1SC _TPM1MOD _TPM1C0SC _TPM1C1SC 
_ENTER_BINARY_L           USES _PUSH_ARGS_L 
_ENTER_BINARY_L_RC        USES _PUSH_ARGS_L 
_LMUL_k_is_k_mul_j        USES _k_is_k_plus_j_l _k_is_k_plus_j_i 
_IDIVU_STAR08             USES _IDIVMOD 
_IMODU_STAR08             USES _IDIVMOD 
_IDIVU_8                  USES _IDIVU_STAR08 
_IMODU_8                  USES _IMODU_STAR08 
_LADD                     USES _ENTER_BINARY_L _LADD_k_is_k_plus_j 
_LSUB                     USES _ENTER_BINARY_L _LSUB_k_is_k_minus_j 
_LSUB_RC                  USES _ENTER_BINARY_L_RC _LSUB_k_is_k_minus_j 
_LMUL_RC                  USES _ENTER_BINARY_L_RC _LMUL_k_is_k_mul_j 
_LCMP_RC                  USES _ENTER_BINARY_L_RC _LCMP_k_rel_j 
_Vector_23                USES SCIRecive_ISR 
_Vector_15                USES TPM1_OvF_ISR 
_Vector_10                USES TPM1_CH1_ISR 
_Vector_9                 USES TPM1_IC_ISR 

*********************************************************************************************
DEPENDENCY TREE
*********************************************************************************************
 main and _Startup Group
 | 
 +- main                
 |  | 
 |  +- Port_Init           
 |  |    
 |  +- TIMER1_Init         
 |  |    
 |  +- LCD_Init            
 |  |  | 
 |  |  +- msDelay             
 |  |  |    
 |  |  +- LCD_Initialize      
 |  |  |    
 |  |  +- LCD_SetCommand      
 |  |  |    
 |  |  +- usDelay             
 |  |       
 |  +- SCI_Init            
 |  |    
 |  +- msDelay              (see above)
 |  |  
 |  +- LCD_WriteMsg        
 |  |  | 
 |  |  +- LCD_SetCommand       (see above)
 |  |  |  
 |  |  +- LCD_SetDataRAM      
 |  |  |    
 |  |  +- msDelay              (see above)
 |  |  |  
 |  |  +- usDelay              (see above)
 |  |     
 |  +- processEvents       
 |     | 
 |     +- msDelay              (see above)
 |     |  
 |     +- _LMUL_RC            
 |     |  | 
 |     |  +- _ENTER_BINARY_L_RC  
 |     |  |  | 
 |     |  |  +- _PUSH_ARGS_L        
 |     |  |       
 |     |  +- _LMUL_k_is_k_mul_j  
 |     |     | 
 |     |     +- _k_is_k_plus_j_l    
 |     |     |    
 |     |     +- _k_is_k_plus_j_i    
 |     |          
 |     +- _LADD               
 |     |  | 
 |     |  +- _ENTER_BINARY_L     
 |     |  |  | 
 |     |  |  +- _PUSH_ARGS_L         (see above)
 |     |  |     
 |     |  +- _LADD_k_is_k_plus_j 
 |     |       
 |     +- _LSUB               
 |     |  | 
 |     |  +- _ENTER_BINARY_L      (see above)
 |     |  |  
 |     |  +- _LSUB_k_is_k_minus_j
 |     |       
 |     +- _POP32              
 |     |    
 |     +- _LSUB_RC            
 |     |  | 
 |     |  +- _ENTER_BINARY_L_RC   (see above)
 |     |  |  
 |     |  +- _LSUB_k_is_k_minus_j (see above)
 |     |     
 |     +- _LCMP_RC            
 |     |  | 
 |     |  +- _ENTER_BINARY_L_RC   (see above)
 |     |  |  
 |     |  +- _LCMP_k_rel_j       
 |     |       
 |     +- PrintBottlesMSG     
 |     |  | 
 |     |  +- LCD_WriteMsg         (see above)
 |     |  |  
 |     |  +- BCDConverter        
 |     |  |  | 
 |     |  |  +- _IMODU_STAR08       
 |     |  |  |  | 
 |     |  |  |  +- _IDIVMOD            
 |     |  |  |       
 |     |  |  +- _IDIVU_8            
 |     |  |  |  | 
 |     |  |  |  +- _IDIVU_STAR08       
 |     |  |  |     | 
 |     |  |  |     +- _IDIVMOD             (see above)
 |     |  |  |        
 |     |  |  +- _IMODU_8            
 |     |  |     | 
 |     |  |     +- _IMODU_STAR08        (see above)
 |     |  |        
 |     |  +- LCD_WriteMsgNow     
 |     |     | 
 |     |     +- LCD_SetDataRAM       (see above)
 |     |     |  
 |     |     +- msDelay              (see above)
 |     |     |  
 |     |     +- usDelay              (see above)
 |     |        
 |     +- printState          
 |        | 
 |        +- LCD_SetCommand       (see above)
 |        |  
 |        +- msDelay              (see above)
 |        |  
 |        +- LCD_WriteMsg         (see above)
 |        |  
 |        +- PrintBottlesMSG      (see above)
 |           
 +- _Startup            
    | 
    +- Init                
    |  | 
    |  +- loadByte            
    |       
    +- main                 (see above)
       
 _Vector_9           
 | 
 +- TPM1_IC_ISR         
      
 _Vector_10          
 | 
 +- TPM1_CH1_ISR        
      
 _Vector_15          
 | 
 +- TPM1_OvF_ISR        
      
 _Vector_23          
 | 
 +- SCIRecive_ISR       
      
*********************************************************************************************
STATISTIC SECTION
---------------------------------------------------------------------------------------------

ExeFile:
--------
Number of blocks to be downloaded: 9
Total size of all blocks to be downloaded: 2024

